// Jest Snapshot v1, https://goo.gl/fbAQLP

exports[`ParcelHone Component Testing ParcelHome component snapshot testing 1`] = `
ShallowWrapper {
  "length": 1,
  Symbol(enzyme.__root__): [Circular],
  Symbol(enzyme.__unrendered__): <ParcelHome />,
  Symbol(enzyme.__renderer__): Object {
    "batchedUpdates": [Function],
    "getNode": [Function],
    "render": [Function],
    "simulateEvent": [Function],
    "unmount": [Function],
  },
  Symbol(enzyme.__node__): Object {
    "instance": null,
    "key": undefined,
    "nodeType": "host",
    "props": Object {
      "children": Array [
        <h3>
          Parcel React Boilerplate
        </h3>,
        <div
          className="container"
        >
          <div
            className="column minus"
            onClick={[Function]}
          >
            <span>
              −
            </span>
          </div>
          <div
            className="column"
          >
            <h1
              className="counter"
            />
          </div>
          <div
            className="column plus"
            onClick={[Function]}
          >
            <span>
              +
            </span>
          </div>
        </div>,
      ],
    },
    "ref": null,
    "rendered": Array [
      Object {
        "instance": null,
        "key": undefined,
        "nodeType": "host",
        "props": Object {
          "children": "Parcel React Boilerplate",
        },
        "ref": null,
        "rendered": "Parcel React Boilerplate",
        "type": "h3",
      },
      Object {
        "instance": null,
        "key": undefined,
        "nodeType": "host",
        "props": Object {
          "children": Array [
            <div
              className="column minus"
              onClick={[Function]}
            >
              <span>
                −
              </span>
            </div>,
            <div
              className="column"
            >
              <h1
                className="counter"
              />
            </div>,
            <div
              className="column plus"
              onClick={[Function]}
            >
              <span>
                +
              </span>
            </div>,
          ],
          "className": "container",
        },
        "ref": null,
        "rendered": Array [
          Object {
            "instance": null,
            "key": undefined,
            "nodeType": "host",
            "props": Object {
              "children": <span>
                −
              </span>,
              "className": "column minus",
              "onClick": [Function],
            },
            "ref": null,
            "rendered": Object {
              "instance": null,
              "key": undefined,
              "nodeType": "host",
              "props": Object {
                "children": "−",
              },
              "ref": null,
              "rendered": "−",
              "type": "span",
            },
            "type": "div",
          },
          Object {
            "instance": null,
            "key": undefined,
            "nodeType": "host",
            "props": Object {
              "children": <h1
                className="counter"
              />,
              "className": "column",
            },
            "ref": null,
            "rendered": Object {
              "instance": null,
              "key": undefined,
              "nodeType": "host",
              "props": Object {
                "children": undefined,
                "className": "counter",
              },
              "ref": null,
              "rendered": null,
              "type": "h1",
            },
            "type": "div",
          },
          Object {
            "instance": null,
            "key": undefined,
            "nodeType": "host",
            "props": Object {
              "children": <span>
                +
              </span>,
              "className": "column plus",
              "onClick": [Function],
            },
            "ref": null,
            "rendered": Object {
              "instance": null,
              "key": undefined,
              "nodeType": "host",
              "props": Object {
                "children": "+",
              },
              "ref": null,
              "rendered": "+",
              "type": "span",
            },
            "type": "div",
          },
        ],
        "type": "div",
      },
    ],
    "type": "div",
  },
  Symbol(enzyme.__nodes__): Array [
    Object {
      "instance": null,
      "key": undefined,
      "nodeType": "host",
      "props": Object {
        "children": Array [
          <h3>
            Parcel React Boilerplate
          </h3>,
          <div
            className="container"
          >
            <div
              className="column minus"
              onClick={[Function]}
            >
              <span>
                −
              </span>
            </div>
            <div
              className="column"
            >
              <h1
                className="counter"
              />
            </div>
            <div
              className="column plus"
              onClick={[Function]}
            >
              <span>
                +
              </span>
            </div>
          </div>,
        ],
      },
      "ref": null,
      "rendered": Array [
        Object {
          "instance": null,
          "key": undefined,
          "nodeType": "host",
          "props": Object {
            "children": "Parcel React Boilerplate",
          },
          "ref": null,
          "rendered": "Parcel React Boilerplate",
          "type": "h3",
        },
        Object {
          "instance": null,
          "key": undefined,
          "nodeType": "host",
          "props": Object {
            "children": Array [
              <div
                className="column minus"
                onClick={[Function]}
              >
                <span>
                  −
                </span>
              </div>,
              <div
                className="column"
              >
                <h1
                  className="counter"
                />
              </div>,
              <div
                className="column plus"
                onClick={[Function]}
              >
                <span>
                  +
                </span>
              </div>,
            ],
            "className": "container",
          },
          "ref": null,
          "rendered": Array [
            Object {
              "instance": null,
              "key": undefined,
              "nodeType": "host",
              "props": Object {
                "children": <span>
                  −
                </span>,
                "className": "column minus",
                "onClick": [Function],
              },
              "ref": null,
              "rendered": Object {
                "instance": null,
                "key": undefined,
                "nodeType": "host",
                "props": Object {
                  "children": "−",
                },
                "ref": null,
                "rendered": "−",
                "type": "span",
              },
              "type": "div",
            },
            Object {
              "instance": null,
              "key": undefined,
              "nodeType": "host",
              "props": Object {
                "children": <h1
                  className="counter"
                />,
                "className": "column",
              },
              "ref": null,
              "rendered": Object {
                "instance": null,
                "key": undefined,
                "nodeType": "host",
                "props": Object {
                  "children": undefined,
                  "className": "counter",
                },
                "ref": null,
                "rendered": null,
                "type": "h1",
              },
              "type": "div",
            },
            Object {
              "instance": null,
              "key": undefined,
              "nodeType": "host",
              "props": Object {
                "children": <span>
                  +
                </span>,
                "className": "column plus",
                "onClick": [Function],
              },
              "ref": null,
              "rendered": Object {
                "instance": null,
                "key": undefined,
                "nodeType": "host",
                "props": Object {
                  "children": "+",
                },
                "ref": null,
                "rendered": "+",
                "type": "span",
              },
              "type": "div",
            },
          ],
          "type": "div",
        },
      ],
      "type": "div",
    },
  ],
  Symbol(enzyme.__options__): Object {
    "adapter": ReactSixteenAdapter {
      "options": Object {
        "enableComponentDidUpdateOnSetState": true,
      },
    },
  },
}
`;
